---
source: core/tests/suite/token_budget.rs
expression: snapshot
---
Scenario: New context span tool installs fresh full context before the next follow-up request.

## Final Follow-Up Request
00:message/developer[2]:
    [01] <SKILLS_INSTRUCTIONS>
    [02] <PERMISSIONS_INSTRUCTIONS>
01:message/developer:<context_span>\nAgent name: /root\nFirst context span id: <FIRST_WINDOW_ID>\nCurrent context span id: <WINDOW_ID>\nPrevious context span id: <FIRST_WINDOW_ID>\n</context_span>
02:message/user:<ENVIRONMENT_CONTEXT:cwd=<CWD>>
03:function_call/update_plan
04:function_call_output:Plan updated
